Archive member included because of file (symbol)

c:/winavr-20100110/bin/../lib/gcc/avr/4.3.3/avr5\libgcc.a(_udivmodhi4.o)
                              main.o (__udivmodhi4)
c:/winavr-20100110/bin/../lib/gcc/avr/4.3.3/avr5\libgcc.a(_divmodhi4.o)
                              main.o (__divmodhi4)
c:/winavr-20100110/bin/../lib/gcc/avr/4.3.3/avr5\libgcc.a(_exit.o)
                              c:/winavr-20100110/bin/../lib/gcc/avr/4.3.3/../../../../avr/lib/avr5/crtm324p.o (exit)
c:/winavr-20100110/bin/../lib/gcc/avr/4.3.3/avr5\libgcc.a(_copy_data.o)
                              main.o (__do_copy_data)
c:/winavr-20100110/bin/../lib/gcc/avr/4.3.3/avr5\libgcc.a(_clear_bss.o)
                              interrupt.o (__do_clear_bss)

Allocating common symbols
Common symbol       size              file

servo_pos           0xc               main.o
servo_time          0xc               main.o
f                   0x1               main.o
wished_trajectory_param
                    0x1               main.o
servo_next_time     0x6               main.o
lcd_buffer          0x20              at_lcd.o
trajectory          0x1               main.o
wished_trajectory   0x1               main.o
servo_cnt           0x1               main.o
servo_next_pos      0x6               main.o
servo_global_time   0x1               main.o
servo_idle          0x1               main.o
trajectory_param    0x1               main.o

Memory Configuration

Name             Origin             Length             Attributes
text             0x00000000         0x00020000         xr
data             0x00800060         0x0000ffa0         rw !x
eeprom           0x00810000         0x00010000         rw !x
fuse             0x00820000         0x00000400         rw !x
lock             0x00830000         0x00000400         rw !x
signature        0x00840000         0x00000400         rw !x
*default*        0x00000000         0xffffffff

Linker script and memory map

Address of section .data set to 0x800100
LOAD c:/winavr-20100110/bin/../lib/gcc/avr/4.3.3/../../../../avr/lib/avr5/crtm324p.o
LOAD initialisation.o
LOAD interrupt.o
LOAD main.o
LOAD At_trig8.o
LOAD at_lcd.o
LOAD c:/winavr-20100110/bin/../lib/gcc/avr/4.3.3/avr5\libgcc.a
LOAD c:/winavr-20100110/bin/../lib/gcc/avr/4.3.3/../../../../avr/lib/avr5\libc.a
LOAD c:/winavr-20100110/bin/../lib/gcc/avr/4.3.3/avr5\libgcc.a

.hash
 *(.hash)

.dynsym
 *(.dynsym)

.dynstr
 *(.dynstr)

.gnu.version
 *(.gnu.version)

.gnu.version_d
 *(.gnu.version_d)

.gnu.version_r
 *(.gnu.version_r)

.rel.init
 *(.rel.init)

.rela.init
 *(.rela.init)

.rel.text
 *(.rel.text)
 *(.rel.text.*)
 *(.rel.gnu.linkonce.t*)

.rela.text
 *(.rela.text)
 *(.rela.text.*)
 *(.rela.gnu.linkonce.t*)

.rel.fini
 *(.rel.fini)

.rela.fini
 *(.rela.fini)

.rel.rodata
 *(.rel.rodata)
 *(.rel.rodata.*)
 *(.rel.gnu.linkonce.r*)

.rela.rodata
 *(.rela.rodata)
 *(.rela.rodata.*)
 *(.rela.gnu.linkonce.r*)

.rel.data
 *(.rel.data)
 *(.rel.data.*)
 *(.rel.gnu.linkonce.d*)

.rela.data
 *(.rela.data)
 *(.rela.data.*)
 *(.rela.gnu.linkonce.d*)

.rel.ctors
 *(.rel.ctors)

.rela.ctors
 *(.rela.ctors)

.rel.dtors
 *(.rel.dtors)

.rela.dtors
 *(.rela.dtors)

.rel.got
 *(.rel.got)

.rela.got
 *(.rela.got)

.rel.bss
 *(.rel.bss)

.rela.bss
 *(.rela.bss)

.rel.plt
 *(.rel.plt)

.rela.plt
 *(.rela.plt)

.text           0x00000000      0xe56
 *(.vectors)
 .vectors       0x00000000       0x7c c:/winavr-20100110/bin/../lib/gcc/avr/4.3.3/../../../../avr/lib/avr5/crtm324p.o
                0x00000000                __vectors
                0x00000000                __vector_default
 *(.vectors)
 *(.progmem.gcc*)
 *(.progmem*)
 .progmem.data  0x0000007c       0x5e At_trig8.o
                0x000000bb                lut_tan8
                0x0000007c                lut_arc8
                0x000000da                . = ALIGN (0x2)
                0x000000da                __trampolines_start = .
 *(.trampolines)
 .trampolines   0x000000da        0x0 linker stubs
 *(.trampolines*)
                0x000000da                __trampolines_end = .
 *(.jumptables)
 *(.jumptables*)
 *(.lowtext)
 *(.lowtext*)
                0x000000da                __ctors_start = .
 *(.ctors)
                0x000000da                __ctors_end = .
                0x000000da                __dtors_start = .
 *(.dtors)
                0x000000da                __dtors_end = .
 SORT(*)(.ctors)
 SORT(*)(.dtors)
 *(.init0)
 .init0         0x000000da        0x0 c:/winavr-20100110/bin/../lib/gcc/avr/4.3.3/../../../../avr/lib/avr5/crtm324p.o
                0x000000da                __init
 *(.init0)
 *(.init1)
 *(.init1)
 *(.init2)
 .init2         0x000000da        0xc c:/winavr-20100110/bin/../lib/gcc/avr/4.3.3/../../../../avr/lib/avr5/crtm324p.o
 *(.init2)
 *(.init3)
 *(.init3)
 *(.init4)
 .init4         0x000000e6       0x16 c:/winavr-20100110/bin/../lib/gcc/avr/4.3.3/avr5\libgcc.a(_copy_data.o)
                0x000000e6                __do_copy_data
 .init4         0x000000fc       0x10 c:/winavr-20100110/bin/../lib/gcc/avr/4.3.3/avr5\libgcc.a(_clear_bss.o)
                0x000000fc                __do_clear_bss
 *(.init4)
 *(.init5)
 *(.init5)
 *(.init6)
 *(.init6)
 *(.init7)
 *(.init7)
 *(.init8)
 *(.init8)
 *(.init9)
 .init9         0x0000010c        0x8 c:/winavr-20100110/bin/../lib/gcc/avr/4.3.3/../../../../avr/lib/avr5/crtm324p.o
 *(.init9)
 *(.text)
 .text          0x00000114        0x4 c:/winavr-20100110/bin/../lib/gcc/avr/4.3.3/../../../../avr/lib/avr5/crtm324p.o
                0x00000114                __vector_22
                0x00000114                __vector_28
                0x00000114                __vector_1
                0x00000114                __vector_24
                0x00000114                __vector_12
                0x00000114                __bad_interrupt
                0x00000114                __vector_6
                0x00000114                __vector_3
                0x00000114                __vector_23
                0x00000114                __vector_30
                0x00000114                __vector_25
                0x00000114                __vector_11
                0x00000114                __vector_17
                0x00000114                __vector_19
                0x00000114                __vector_7
                0x00000114                __vector_27
                0x00000114                __vector_5
                0x00000114                __vector_4
                0x00000114                __vector_9
                0x00000114                __vector_2
                0x00000114                __vector_21
                0x00000114                __vector_15
                0x00000114                __vector_29
                0x00000114                __vector_8
                0x00000114                __vector_26
                0x00000114                __vector_14
                0x00000114                __vector_10
                0x00000114                __vector_18
                0x00000114                __vector_20
 .text          0x00000118       0x76 initialisation.o
                0x0000015e                global_init
                0x0000012c                timer1_init
                0x00000118                timer0_init
 .text          0x0000018e      0x108 interrupt.o
                0x000001e8                __vector_13
                0x0000018e                __vector_16
 .text          0x00000296      0x416 main.o
                0x00000296                servo_calc_delay
                0x000004dc                main
 .text          0x000006ac      0x31c At_trig8.o
                0x000006ac                at_arc8
                0x0000087e                at_atan8
                0x00000750                at_tan8
                0x0000082c                at_asin8
                0x0000070a                at_cos8
                0x0000084c                at_acos8
                0x00000922                at_atan8_2
                0x000006c4                at_sin8
                0x0000078c                at_aarc8
 .text          0x000009c8      0x43c at_lcd.o
                0x00000c14                print_int8
                0x00000a16                display_initialisation
                0x00000b5a                print_char
                0x00000cf2                print_int16
                0x00000bb4                print_str
                0x00000a30                display_update
                0x000009c8                send_cmd
 .text          0x00000e04        0x0 c:/winavr-20100110/bin/../lib/gcc/avr/4.3.3/avr5\libgcc.a(_udivmodhi4.o)
 .text          0x00000e04        0x0 c:/winavr-20100110/bin/../lib/gcc/avr/4.3.3/avr5\libgcc.a(_divmodhi4.o)
 .text          0x00000e04        0x0 c:/winavr-20100110/bin/../lib/gcc/avr/4.3.3/avr5\libgcc.a(_exit.o)
 .text          0x00000e04        0x0 c:/winavr-20100110/bin/../lib/gcc/avr/4.3.3/avr5\libgcc.a(_copy_data.o)
 .text          0x00000e04        0x0 c:/winavr-20100110/bin/../lib/gcc/avr/4.3.3/avr5\libgcc.a(_clear_bss.o)
                0x00000e04                . = ALIGN (0x2)
 *(.text.*)
 .text.libgcc   0x00000e04       0x28 c:/winavr-20100110/bin/../lib/gcc/avr/4.3.3/avr5\libgcc.a(_udivmodhi4.o)
                0x00000e04                __udivmodhi4
 .text.libgcc   0x00000e2c       0x26 c:/winavr-20100110/bin/../lib/gcc/avr/4.3.3/avr5\libgcc.a(_divmodhi4.o)
                0x00000e2c                __divmodhi4
                0x00000e2c                _div
 .text.libgcc   0x00000e52        0x0 c:/winavr-20100110/bin/../lib/gcc/avr/4.3.3/avr5\libgcc.a(_exit.o)
 .text.libgcc   0x00000e52        0x0 c:/winavr-20100110/bin/../lib/gcc/avr/4.3.3/avr5\libgcc.a(_copy_data.o)
 .text.libgcc   0x00000e52        0x0 c:/winavr-20100110/bin/../lib/gcc/avr/4.3.3/avr5\libgcc.a(_clear_bss.o)
                0x00000e52                . = ALIGN (0x2)
 *(.fini9)
 .fini9         0x00000e52        0x0 c:/winavr-20100110/bin/../lib/gcc/avr/4.3.3/avr5\libgcc.a(_exit.o)
                0x00000e52                exit
                0x00000e52                _exit
 *(.fini9)
 *(.fini8)
 *(.fini8)
 *(.fini7)
 *(.fini7)
 *(.fini6)
 *(.fini6)
 *(.fini5)
 *(.fini5)
 *(.fini4)
 *(.fini4)
 *(.fini3)
 *(.fini3)
 *(.fini2)
 *(.fini2)
 *(.fini1)
 *(.fini1)
 *(.fini0)
 .fini0         0x00000e52        0x4 c:/winavr-20100110/bin/../lib/gcc/avr/4.3.3/avr5\libgcc.a(_exit.o)
 *(.fini0)
                0x00000e56                _etext = .

.data           0x00800100       0x24 load address 0x00000e56
                0x00800100                PROVIDE (__data_start, .)
 *(.data)
 .data          0x00800100        0x0 c:/winavr-20100110/bin/../lib/gcc/avr/4.3.3/../../../../avr/lib/avr5/crtm324p.o
 .data          0x00800100        0x0 initialisation.o
 .data          0x00800100        0x0 interrupt.o
 .data          0x00800100       0x16 main.o
                0x0080010f                servo_dir
                0x00800110                servo_off
 .data          0x00800116        0x0 At_trig8.o
 .data          0x00800116        0xe at_lcd.o
 .data          0x00800124        0x0 c:/winavr-20100110/bin/../lib/gcc/avr/4.3.3/avr5\libgcc.a(_udivmodhi4.o)
 .data          0x00800124        0x0 c:/winavr-20100110/bin/../lib/gcc/avr/4.3.3/avr5\libgcc.a(_divmodhi4.o)
 .data          0x00800124        0x0 c:/winavr-20100110/bin/../lib/gcc/avr/4.3.3/avr5\libgcc.a(_exit.o)
 .data          0x00800124        0x0 c:/winavr-20100110/bin/../lib/gcc/avr/4.3.3/avr5\libgcc.a(_copy_data.o)
 .data          0x00800124        0x0 c:/winavr-20100110/bin/../lib/gcc/avr/4.3.3/avr5\libgcc.a(_clear_bss.o)
 *(.data*)
 *(.rodata)
 *(.rodata*)
 *(.gnu.linkonce.d*)
                0x00800124                . = ALIGN (0x2)
                0x00800124                _edata = .
                0x00800124                PROVIDE (__data_end, .)

.bss            0x00800124       0x51
                0x00800124                PROVIDE (__bss_start, .)
 *(.bss)
 .bss           0x00800124        0x0 c:/winavr-20100110/bin/../lib/gcc/avr/4.3.3/../../../../avr/lib/avr5/crtm324p.o
 .bss           0x00800124        0x0 initialisation.o
 .bss           0x00800124        0x1 interrupt.o
 .bss           0x00800125        0x0 main.o
 .bss           0x00800125        0x0 At_trig8.o
 .bss           0x00800125        0x4 at_lcd.o
                0x00800126                lcd_buffer_top
                0x00800125                lcd_buffer_bot
                0x00800127                lcd_busy_flag
 .bss           0x00800129        0x0 c:/winavr-20100110/bin/../lib/gcc/avr/4.3.3/avr5\libgcc.a(_udivmodhi4.o)
 .bss           0x00800129        0x0 c:/winavr-20100110/bin/../lib/gcc/avr/4.3.3/avr5\libgcc.a(_divmodhi4.o)
 .bss           0x00800129        0x0 c:/winavr-20100110/bin/../lib/gcc/avr/4.3.3/avr5\libgcc.a(_exit.o)
 .bss           0x00800129        0x0 c:/winavr-20100110/bin/../lib/gcc/avr/4.3.3/avr5\libgcc.a(_copy_data.o)
 .bss           0x00800129        0x0 c:/winavr-20100110/bin/../lib/gcc/avr/4.3.3/avr5\libgcc.a(_clear_bss.o)
 *(.bss*)
 *(COMMON)
 COMMON         0x00800129       0x2c main.o
                0x00800129                servo_pos
                0x00800135                servo_time
                0x00800141                f
                0x00800142                wished_trajectory_param
                0x00800143                servo_next_time
                0x00800149                trajectory
                0x0080014a                wished_trajectory
                0x0080014b                servo_cnt
                0x0080014c                servo_next_pos
                0x00800152                servo_global_time
                0x00800153                servo_idle
                0x00800154                trajectory_param
 COMMON         0x00800155       0x20 at_lcd.o
                0x00800155                lcd_buffer
                0x00800175                PROVIDE (__bss_end, .)
                0x00000e56                __data_load_start = LOADADDR (.data)
                0x00000e7a                __data_load_end = (__data_load_start + SIZEOF (.data))

.noinit         0x00800175        0x0
                0x00800175                PROVIDE (__noinit_start, .)
 *(.noinit*)
                0x00800175                PROVIDE (__noinit_end, .)
                0x00800175                _end = .
                0x00800175                PROVIDE (__heap_start, .)

.eeprom         0x00810000        0x0
 *(.eeprom*)
                0x00810000                __eeprom_end = .

.fuse
 *(.fuse)
 *(.lfuse)
 *(.hfuse)
 *(.efuse)

.lock
 *(.lock*)

.signature
 *(.signature*)

.stab
 *(.stab)

.stabstr
 *(.stabstr)

.stab.excl
 *(.stab.excl)

.stab.exclstr
 *(.stab.exclstr)

.stab.index
 *(.stab.index)

.stab.indexstr
 *(.stab.indexstr)

.comment
 *(.comment)

.debug
 *(.debug)

.line
 *(.line)

.debug_srcinfo
 *(.debug_srcinfo)

.debug_sfnames
 *(.debug_sfnames)

.debug_aranges  0x00000000       0xa0
 *(.debug_aranges)
 .debug_aranges
                0x00000000       0x20 initialisation.o
 .debug_aranges
                0x00000020       0x20 interrupt.o
 .debug_aranges
                0x00000040       0x20 main.o
 .debug_aranges
                0x00000060       0x20 At_trig8.o
 .debug_aranges
                0x00000080       0x20 at_lcd.o

.debug_pubnames
                0x00000000      0x302
 *(.debug_pubnames)
 .debug_pubnames
                0x00000000       0x42 initialisation.o
 .debug_pubnames
                0x00000042       0x32 interrupt.o
 .debug_pubnames
                0x00000074      0x11f main.o
 .debug_pubnames
                0x00000193       0x9f At_trig8.o
 .debug_pubnames
                0x00000232       0xd0 at_lcd.o

.debug_info     0x00000000     0x13ff
 *(.debug_info)
 .debug_info    0x00000000      0x143 initialisation.o
 .debug_info    0x00000143      0x172 interrupt.o
 .debug_info    0x000002b5      0x47d main.o
 .debug_info    0x00000732      0x651 At_trig8.o
 .debug_info    0x00000d83      0x67c at_lcd.o
 *(.gnu.linkonce.wi.*)

.debug_abbrev   0x00000000      0x6ef
 *(.debug_abbrev)
 .debug_abbrev  0x00000000       0xba initialisation.o
 .debug_abbrev  0x000000ba       0xe6 interrupt.o
 .debug_abbrev  0x000001a0      0x1c6 main.o
 .debug_abbrev  0x00000366      0x161 At_trig8.o
 .debug_abbrev  0x000004c7      0x228 at_lcd.o

.debug_line     0x00000000     0x10f4
 *(.debug_line)
 .debug_line    0x00000000      0x17c initialisation.o
 .debug_line    0x0000017c      0x155 interrupt.o
 .debug_line    0x000002d1      0x456 main.o
 .debug_line    0x00000727      0x4e1 At_trig8.o
 .debug_line    0x00000c08      0x4ec at_lcd.o

.debug_frame    0x00000000      0x1c0
 *(.debug_frame)
 .debug_frame   0x00000000       0x40 initialisation.o
 .debug_frame   0x00000040       0x30 interrupt.o
 .debug_frame   0x00000070       0x30 main.o
 .debug_frame   0x000000a0       0xa0 At_trig8.o
 .debug_frame   0x00000140       0x80 at_lcd.o

.debug_str      0x00000000      0x427
 *(.debug_str)
 .debug_str     0x00000000      0x133 initialisation.o
                                0x167 (size before relaxing)
 .debug_str     0x00000133       0x5c interrupt.o
                                0x147 (size before relaxing)
 .debug_str     0x0000018f       0xfc main.o
                                0x24d (size before relaxing)
 .debug_str     0x0000028b       0xa3 At_trig8.o
                                0x19f (size before relaxing)
 .debug_str     0x0000032e       0xf9 at_lcd.o
                                0x24b (size before relaxing)

.debug_loc      0x00000000      0xf3a
 *(.debug_loc)
 .debug_loc     0x00000000       0x3b interrupt.o
 .debug_loc     0x0000003b      0x385 main.o
 .debug_loc     0x000003c0      0x607 At_trig8.o
 .debug_loc     0x000009c7      0x573 at_lcd.o

.debug_macinfo
 *(.debug_macinfo)
OUTPUT(UnitZeroZero.elf elf32-avr)
LOAD linker stubs
