Archive member included because of file (symbol)

c:/winavr-20100110/bin/../lib/gcc/avr/4.3.3/avr5\libgcc.a(_udivmodqi4.o)
                              at_string.o (__udivmodqi4)
c:/winavr-20100110/bin/../lib/gcc/avr/4.3.3/avr5\libgcc.a(_udivmodhi4.o)
                              at_string.o (__udivmodhi4)
c:/winavr-20100110/bin/../lib/gcc/avr/4.3.3/avr5\libgcc.a(_divmodhi4.o)
                              main.o (__divmodhi4)
c:/winavr-20100110/bin/../lib/gcc/avr/4.3.3/avr5\libgcc.a(_exit.o)
                              c:/winavr-20100110/bin/../lib/gcc/avr/4.3.3/../../../../avr/lib/avr5/crtm324p.o (exit)
c:/winavr-20100110/bin/../lib/gcc/avr/4.3.3/avr5\libgcc.a(_copy_data.o)
                              at_string.o (__do_copy_data)
c:/winavr-20100110/bin/../lib/gcc/avr/4.3.3/avr5\libgcc.a(_clear_bss.o)
                              at_lcd.o (__do_clear_bss)

Allocating common symbols
Common symbol       size              file

f                   0x1               main.o
lcd_updt            0x4               at_lcd.o
servo_target_speed  0x7               main.o
lcd_cfg_flags       0x1               at_lcd.o
servo_off           0x7               main.o
servo_target_pos    0x7               main.o
servo_delay         0xe               main.o
lcd_error           0x1               at_lcd.o
lcd_show            0x20              at_lcd.o

Memory Configuration

Name             Origin             Length             Attributes
text             0x00000000         0x00020000         xr
data             0x00800060         0x0000ffa0         rw !x
eeprom           0x00810000         0x00010000         rw !x
fuse             0x00820000         0x00000400         rw !x
lock             0x00830000         0x00000400         rw !x
signature        0x00840000         0x00000400         rw !x
*default*        0x00000000         0xffffffff

Linker script and memory map

Address of section .data set to 0x800100
LOAD c:/winavr-20100110/bin/../lib/gcc/avr/4.3.3/../../../../avr/lib/avr5/crtm324p.o
LOAD at_lcd.o
LOAD at_string.o
LOAD initialisation.o
LOAD interrupt.o
LOAD main.o
LOAD c:/winavr-20100110/bin/../lib/gcc/avr/4.3.3/avr5\libgcc.a
LOAD c:/winavr-20100110/bin/../lib/gcc/avr/4.3.3/../../../../avr/lib/avr5\libc.a
LOAD c:/winavr-20100110/bin/../lib/gcc/avr/4.3.3/avr5\libgcc.a

.hash
 *(.hash)

.dynsym
 *(.dynsym)

.dynstr
 *(.dynstr)

.gnu.version
 *(.gnu.version)

.gnu.version_d
 *(.gnu.version_d)

.gnu.version_r
 *(.gnu.version_r)

.rel.init
 *(.rel.init)

.rela.init
 *(.rela.init)

.rel.text
 *(.rel.text)
 *(.rel.text.*)
 *(.rel.gnu.linkonce.t*)

.rela.text
 *(.rela.text)
 *(.rela.text.*)
 *(.rela.gnu.linkonce.t*)

.rel.fini
 *(.rel.fini)

.rela.fini
 *(.rela.fini)

.rel.rodata
 *(.rel.rodata)
 *(.rel.rodata.*)
 *(.rel.gnu.linkonce.r*)

.rela.rodata
 *(.rela.rodata)
 *(.rela.rodata.*)
 *(.rela.gnu.linkonce.r*)

.rel.data
 *(.rel.data)
 *(.rel.data.*)
 *(.rel.gnu.linkonce.d*)

.rela.data
 *(.rela.data)
 *(.rela.data.*)
 *(.rela.gnu.linkonce.d*)

.rel.ctors
 *(.rel.ctors)

.rela.ctors
 *(.rela.ctors)

.rel.dtors
 *(.rel.dtors)

.rela.dtors
 *(.rela.dtors)

.rel.got
 *(.rel.got)

.rela.got
 *(.rela.got)

.rel.bss
 *(.rel.bss)

.rela.bss
 *(.rela.bss)

.rel.plt
 *(.rel.plt)

.rela.plt
 *(.rela.plt)

.text           0x00000000      0xd62
 *(.vectors)
 .vectors       0x00000000       0x7c c:/winavr-20100110/bin/../lib/gcc/avr/4.3.3/../../../../avr/lib/avr5/crtm324p.o
                0x00000000                __vectors
                0x00000000                __vector_default
 *(.vectors)
 *(.progmem.gcc*)
 *(.progmem*)
                0x0000007c                . = ALIGN (0x2)
                0x0000007c                __trampolines_start = .
 *(.trampolines)
 .trampolines   0x0000007c        0x0 linker stubs
 *(.trampolines*)
                0x0000007c                __trampolines_end = .
 *(.jumptables)
 *(.jumptables*)
 *(.lowtext)
 *(.lowtext*)
                0x0000007c                __ctors_start = .
 *(.ctors)
                0x0000007c                __ctors_end = .
                0x0000007c                __dtors_start = .
 *(.dtors)
                0x0000007c                __dtors_end = .
 SORT(*)(.ctors)
 SORT(*)(.dtors)
 *(.init0)
 .init0         0x0000007c        0x0 c:/winavr-20100110/bin/../lib/gcc/avr/4.3.3/../../../../avr/lib/avr5/crtm324p.o
                0x0000007c                __init
 *(.init0)
 *(.init1)
 *(.init1)
 *(.init2)
 .init2         0x0000007c        0xc c:/winavr-20100110/bin/../lib/gcc/avr/4.3.3/../../../../avr/lib/avr5/crtm324p.o
 *(.init2)
 *(.init3)
 *(.init3)
 *(.init4)
 .init4         0x00000088       0x16 c:/winavr-20100110/bin/../lib/gcc/avr/4.3.3/avr5\libgcc.a(_copy_data.o)
                0x00000088                __do_copy_data
 .init4         0x0000009e       0x10 c:/winavr-20100110/bin/../lib/gcc/avr/4.3.3/avr5\libgcc.a(_clear_bss.o)
                0x0000009e                __do_clear_bss
 *(.init4)
 *(.init5)
 *(.init5)
 *(.init6)
 *(.init6)
 *(.init7)
 *(.init7)
 *(.init8)
 *(.init8)
 *(.init9)
 .init9         0x000000ae        0x8 c:/winavr-20100110/bin/../lib/gcc/avr/4.3.3/../../../../avr/lib/avr5/crtm324p.o
 *(.init9)
 *(.text)
 .text          0x000000b6        0x4 c:/winavr-20100110/bin/../lib/gcc/avr/4.3.3/../../../../avr/lib/avr5/crtm324p.o
                0x000000b6                __vector_22
                0x000000b6                __vector_28
                0x000000b6                __vector_1
                0x000000b6                __vector_24
                0x000000b6                __vector_12
                0x000000b6                __bad_interrupt
                0x000000b6                __vector_6
                0x000000b6                __vector_3
                0x000000b6                __vector_23
                0x000000b6                __vector_30
                0x000000b6                __vector_25
                0x000000b6                __vector_11
                0x000000b6                __vector_17
                0x000000b6                __vector_19
                0x000000b6                __vector_7
                0x000000b6                __vector_27
                0x000000b6                __vector_5
                0x000000b6                __vector_4
                0x000000b6                __vector_9
                0x000000b6                __vector_2
                0x000000b6                __vector_21
                0x000000b6                __vector_15
                0x000000b6                __vector_29
                0x000000b6                __vector_8
                0x000000b6                __vector_26
                0x000000b6                __vector_14
                0x000000b6                __vector_10
                0x000000b6                __vector_18
                0x000000b6                __vector_20
 .text          0x000000ba      0x666 at_lcd.o
                0x00000678                lcd_print_u8
                0x00000144                lcd_update
                0x000000ba                lcd_send_cmd
                0x00000514                lcd_print_u16
                0x000005c2                lcd_print_s8
                0x00000102                lcd_init
                0x00000456                lcd_print_s16
                0x00000408                lcd_print_str
                0x00000398                lcd_config
                0x000003bc                lcd_print_char
 .text          0x00000720      0x1d2 at_string.o
                0x00000720                u8_to_str
                0x000007d0                s8_to_str
                0x000007f4                u16_to_str
                0x000008ca                s16_to_str
 .text          0x000008f2       0x9a initialisation.o
                0x00000936                global_init
                0x00000904                timer1_init
                0x000008f2                timer0_init
 .text          0x0000098c       0xea interrupt.o
                0x000009d6                __vector_13
                0x0000098c                __vector_16
 .text          0x00000a76      0x282 main.o
                0x00000a76                servo_calc_delay
                0x00000b88                main
 .text          0x00000cf8        0x0 c:/winavr-20100110/bin/../lib/gcc/avr/4.3.3/avr5\libgcc.a(_udivmodqi4.o)
 .text          0x00000cf8        0x0 c:/winavr-20100110/bin/../lib/gcc/avr/4.3.3/avr5\libgcc.a(_udivmodhi4.o)
 .text          0x00000cf8        0x0 c:/winavr-20100110/bin/../lib/gcc/avr/4.3.3/avr5\libgcc.a(_divmodhi4.o)
 .text          0x00000cf8        0x0 c:/winavr-20100110/bin/../lib/gcc/avr/4.3.3/avr5\libgcc.a(_exit.o)
 .text          0x00000cf8        0x0 c:/winavr-20100110/bin/../lib/gcc/avr/4.3.3/avr5\libgcc.a(_copy_data.o)
 .text          0x00000cf8        0x0 c:/winavr-20100110/bin/../lib/gcc/avr/4.3.3/avr5\libgcc.a(_clear_bss.o)
                0x00000cf8                . = ALIGN (0x2)
 *(.text.*)
 .text.libgcc   0x00000cf8       0x18 c:/winavr-20100110/bin/../lib/gcc/avr/4.3.3/avr5\libgcc.a(_udivmodqi4.o)
                0x00000cf8                __udivmodqi4
 .text.libgcc   0x00000d10       0x28 c:/winavr-20100110/bin/../lib/gcc/avr/4.3.3/avr5\libgcc.a(_udivmodhi4.o)
                0x00000d10                __udivmodhi4
 .text.libgcc   0x00000d38       0x26 c:/winavr-20100110/bin/../lib/gcc/avr/4.3.3/avr5\libgcc.a(_divmodhi4.o)
                0x00000d38                __divmodhi4
                0x00000d38                _div
 .text.libgcc   0x00000d5e        0x0 c:/winavr-20100110/bin/../lib/gcc/avr/4.3.3/avr5\libgcc.a(_exit.o)
 .text.libgcc   0x00000d5e        0x0 c:/winavr-20100110/bin/../lib/gcc/avr/4.3.3/avr5\libgcc.a(_copy_data.o)
 .text.libgcc   0x00000d5e        0x0 c:/winavr-20100110/bin/../lib/gcc/avr/4.3.3/avr5\libgcc.a(_clear_bss.o)
                0x00000d5e                . = ALIGN (0x2)
 *(.fini9)
 .fini9         0x00000d5e        0x0 c:/winavr-20100110/bin/../lib/gcc/avr/4.3.3/avr5\libgcc.a(_exit.o)
                0x00000d5e                exit
                0x00000d5e                _exit
 *(.fini9)
 *(.fini8)
 *(.fini8)
 *(.fini7)
 *(.fini7)
 *(.fini6)
 *(.fini6)
 *(.fini5)
 *(.fini5)
 *(.fini4)
 *(.fini4)
 *(.fini3)
 *(.fini3)
 *(.fini2)
 *(.fini2)
 *(.fini1)
 *(.fini1)
 *(.fini0)
 .fini0         0x00000d5e        0x4 c:/winavr-20100110/bin/../lib/gcc/avr/4.3.3/avr5\libgcc.a(_exit.o)
 *(.fini0)
                0x00000d62                _etext = .

.data           0x00800100       0x1e load address 0x00000d62
                0x00800100                PROVIDE (__data_start, .)
 *(.data)
 .data          0x00800100        0x0 c:/winavr-20100110/bin/../lib/gcc/avr/4.3.3/../../../../avr/lib/avr5/crtm324p.o
 .data          0x00800100        0x0 at_lcd.o
 .data          0x00800100        0xd at_string.o
 .data          0x0080010d        0x0 initialisation.o
 .data          0x0080010d        0x0 interrupt.o
 .data          0x0080010d       0x11 main.o
                0x0080011d                servo_cnt
 .data          0x0080011e        0x0 c:/winavr-20100110/bin/../lib/gcc/avr/4.3.3/avr5\libgcc.a(_udivmodqi4.o)
 .data          0x0080011e        0x0 c:/winavr-20100110/bin/../lib/gcc/avr/4.3.3/avr5\libgcc.a(_udivmodhi4.o)
 .data          0x0080011e        0x0 c:/winavr-20100110/bin/../lib/gcc/avr/4.3.3/avr5\libgcc.a(_divmodhi4.o)
 .data          0x0080011e        0x0 c:/winavr-20100110/bin/../lib/gcc/avr/4.3.3/avr5\libgcc.a(_exit.o)
 .data          0x0080011e        0x0 c:/winavr-20100110/bin/../lib/gcc/avr/4.3.3/avr5\libgcc.a(_copy_data.o)
 .data          0x0080011e        0x0 c:/winavr-20100110/bin/../lib/gcc/avr/4.3.3/avr5\libgcc.a(_clear_bss.o)
 *(.data*)
 *(.rodata)
 *(.rodata*)
 *(.gnu.linkonce.d*)
                0x0080011e                . = ALIGN (0x2)
                0x0080011e                _edata = .
                0x0080011e                PROVIDE (__data_end, .)

.bss            0x0080011e       0x52
                0x0080011e                PROVIDE (__bss_start, .)
 *(.bss)
 .bss           0x0080011e        0x0 c:/winavr-20100110/bin/../lib/gcc/avr/4.3.3/../../../../avr/lib/avr5/crtm324p.o
 .bss           0x0080011e        0x3 at_lcd.o
 .bss           0x00800121        0x0 at_string.o
 .bss           0x00800121        0x0 initialisation.o
 .bss           0x00800121        0x1 interrupt.o
 .bss           0x00800122        0x4 main.o
                0x00800122                servo_lock
                0x00800125                trajectory
                0x00800123                servo_global_time
 .bss           0x00800126        0x0 c:/winavr-20100110/bin/../lib/gcc/avr/4.3.3/avr5\libgcc.a(_udivmodqi4.o)
 .bss           0x00800126        0x0 c:/winavr-20100110/bin/../lib/gcc/avr/4.3.3/avr5\libgcc.a(_udivmodhi4.o)
 .bss           0x00800126        0x0 c:/winavr-20100110/bin/../lib/gcc/avr/4.3.3/avr5\libgcc.a(_divmodhi4.o)
 .bss           0x00800126        0x0 c:/winavr-20100110/bin/../lib/gcc/avr/4.3.3/avr5\libgcc.a(_exit.o)
 .bss           0x00800126        0x0 c:/winavr-20100110/bin/../lib/gcc/avr/4.3.3/avr5\libgcc.a(_copy_data.o)
 .bss           0x00800126        0x0 c:/winavr-20100110/bin/../lib/gcc/avr/4.3.3/avr5\libgcc.a(_clear_bss.o)
 *(.bss*)
 *(COMMON)
 COMMON         0x00800126       0x26 at_lcd.o
                0x00800126                lcd_updt
                0x0080012a                lcd_cfg_flags
                0x0080012b                lcd_error
                0x0080012c                lcd_show
 COMMON         0x0080014c       0x24 main.o
                0x0080014c                f
                0x0080014d                servo_target_speed
                0x00800154                servo_off
                0x0080015b                servo_target_pos
                0x00800162                servo_delay
                0x00800170                PROVIDE (__bss_end, .)
                0x00000d62                __data_load_start = LOADADDR (.data)
                0x00000d80                __data_load_end = (__data_load_start + SIZEOF (.data))

.noinit         0x00800170        0x0
                0x00800170                PROVIDE (__noinit_start, .)
 *(.noinit*)
                0x00800170                PROVIDE (__noinit_end, .)
                0x00800170                _end = .
                0x00800170                PROVIDE (__heap_start, .)

.eeprom         0x00810000        0x0
 *(.eeprom*)
                0x00810000                __eeprom_end = .

.fuse
 *(.fuse)
 *(.lfuse)
 *(.hfuse)
 *(.efuse)

.lock
 *(.lock*)

.signature
 *(.signature*)

.stab
 *(.stab)

.stabstr
 *(.stabstr)

.stab.excl
 *(.stab.excl)

.stab.exclstr
 *(.stab.exclstr)

.stab.index
 *(.stab.index)

.stab.indexstr
 *(.stab.indexstr)

.comment
 *(.comment)

.debug
 *(.debug)

.line
 *(.line)

.debug_srcinfo
 *(.debug_srcinfo)

.debug_sfnames
 *(.debug_sfnames)

.debug_aranges  0x00000000       0xa0
 *(.debug_aranges)
 .debug_aranges
                0x00000000       0x20 at_lcd.o
 .debug_aranges
                0x00000020       0x20 at_string.o
 .debug_aranges
                0x00000040       0x20 initialisation.o
 .debug_aranges
                0x00000060       0x20 interrupt.o
 .debug_aranges
                0x00000080       0x20 main.o

.debug_pubnames
                0x00000000      0x275
 *(.debug_pubnames)
 .debug_pubnames
                0x00000000       0xf3 at_lcd.o
 .debug_pubnames
                0x000000f3       0x4c at_string.o
 .debug_pubnames
                0x0000013f       0x42 initialisation.o
 .debug_pubnames
                0x00000181       0x32 interrupt.o
 .debug_pubnames
                0x000001b3       0xc2 main.o

.debug_info     0x00000000     0x1005
 *(.debug_info)
 .debug_info    0x00000000      0x771 at_lcd.o
 .debug_info    0x00000771      0x249 at_string.o
 .debug_info    0x000009ba      0x230 initialisation.o
 .debug_info    0x00000bea      0x142 interrupt.o
 .debug_info    0x00000d2c      0x2d9 main.o
 *(.gnu.linkonce.wi.*)

.debug_abbrev   0x00000000      0x631
 *(.debug_abbrev)
 .debug_abbrev  0x00000000      0x20f at_lcd.o
 .debug_abbrev  0x0000020f      0x10e at_string.o
 .debug_abbrev  0x0000031d       0xfe initialisation.o
 .debug_abbrev  0x0000041b       0xc8 interrupt.o
 .debug_abbrev  0x000004e3      0x14e main.o

.debug_line     0x00000000      0xe39
 *(.debug_line)
 .debug_line    0x00000000      0x60c at_lcd.o
 .debug_line    0x0000060c      0x1e9 at_string.o
 .debug_line    0x000007f5      0x224 initialisation.o
 .debug_line    0x00000a19      0x125 interrupt.o
 .debug_line    0x00000b3e      0x2fb main.o

.debug_frame    0x00000000      0x1a0
 *(.debug_frame)
 .debug_frame   0x00000000       0xb0 at_lcd.o
 .debug_frame   0x000000b0       0x50 at_string.o
 .debug_frame   0x00000100       0x40 initialisation.o
 .debug_frame   0x00000140       0x30 interrupt.o
 .debug_frame   0x00000170       0x30 main.o

.debug_str      0x00000000      0x468
 *(.debug_str)
 .debug_str     0x00000000      0x21c at_lcd.o
                                0x27a (size before relaxing)
 .debug_str     0x0000021c       0x4e at_string.o
                                0x114 (size before relaxing)
 .debug_str     0x0000026a       0x8c initialisation.o
                                0x17d (size before relaxing)
 .debug_str     0x000002f6       0x52 interrupt.o
                                0x124 (size before relaxing)
 .debug_str     0x00000348      0x120 main.o
                                0x244 (size before relaxing)

.debug_loc      0x00000000      0xb4c
 *(.debug_loc)
 .debug_loc     0x00000000      0x7ed at_lcd.o
 .debug_loc     0x000007ed      0x1d9 at_string.o
 .debug_loc     0x000009c6       0x60 initialisation.o
 .debug_loc     0x00000a26       0x3b interrupt.o
 .debug_loc     0x00000a61       0xeb main.o

.debug_macinfo
 *(.debug_macinfo)
OUTPUT(UnitZeroZero.elf elf32-avr)
LOAD linker stubs
